﻿Testando a extra├º├úo do Onix diretamente do m├│dulo...
[Marketplace] Iniciando Puppeteer local...
[Marketplace] Acessando URL: https://www.facebook.com/marketplace/ribeiraopreto/search/?query=onix&exact=false
[Marketplace] Extra├¡dos 24 itens reais.
[FIPE Matcher] Nenhum modelo encontrado para termos: onix 2018 completo
[FIPE Matcher] Nenhum modelo encontrado para termos: onix
[FIPE Matcher] Nenhum modelo encontrado para termos: onix, ltz
[FIPE Matcher] Nenhum modelo encontrado para termos: onix, lt
[FIPE Matcher] Nenhum modelo encontrado para termos: onix
[FIPE Matcher] Nenhum modelo encontrado para termos: onix, ltz
[FIPE Matcher] Nenhum modelo encontrado para termos: onix lt 1.4 flex mecanico completo
[FIPE Matcher] Nenhum modelo encontrado para termos: onix ltz 2015 ltz 55.900 1.4, ltz
[FIPE Matcher] Nenhum modelo encontrado para termos: onix ltz, ltz
[FIPE Matcher] Nenhum modelo encontrado para termos: onix, lt
[FIPE Matcher] Nenhum modelo encontrado para termos: onix
[FIPE Matcher] Nenhum modelo encontrado para termos: onix, lt
[FIPE Matcher] Nenhum modelo encontrado para termos: onix hatch 1.0 12v flex mec├ónico 2021/2022
[FIPE Matcher] Nenhum modelo encontrado para termos: onix
[FIPE Matcher] Nenhum modelo encontrado para termos: onix
[FIPE Matcher] Nenhum modelo encontrado para termos: onix, premier
[FIPE Matcher] Nenhum modelo encontrado para termos: onix lt 1.4
[FIPE Matcher] Nenhum modelo encontrado para termos: onix, ltz
[FIPE Matcher] Nenhum modelo encontrado para termos: onix plus lt 2020, lt
[FIPE Matcher] Nenhum modelo encontrado para termos: onix, lt
[FIPE Matcher] Nenhum modelo encontrado para termos: onix 1.0 turbo flex plus premier, premier
[FIPE Matcher] Nenhum modelo encontrado para termos: onix
[FIPE Matcher] Nenhum modelo encontrado para termos: onix
[FIPE Matcher] Nenhum modelo encontrado para termos: o onix
Resultados salvos em test_onix_output.json
